// Jest Snapshot v1, https://goo.gl/fbAQLP

exports[`Snapshot 1`] = `
{
  "Parameters": {
    "BootstrapVersion": {
      "Default": "/cdk-bootstrap/hnb659fds/version",
      "Description": "Version of the CDK Bootstrap resources in this environment, automatically retrieved from SSM Parameter Store. [cdk:skip]",
      "Type": "AWS::SSM::Parameter::Value<String>",
    },
    "connectionArn": {
      "Type": "String",
    },
  },
  "Resources": {
    "mijngegevensdevelopmentAssetsFileAsset110399CBF": {
      "Properties": {
        "Artifacts": {
          "Type": "CODEPIPELINE",
        },
        "Cache": {
          "Type": "NO_CACHE",
        },
        "Description": "Pipeline step test/Pipeline/Assets/FileAsset1",
        "EncryptionKey": {
          "Fn::GetAtt": [
            "mijngegevensdevelopmentPipelineArtifactsBucketEncryptionKeyB5EF8393",
            "Arn",
          ],
        },
        "Environment": {
          "ComputeType": "BUILD_GENERAL1_SMALL",
          "Image": "aws/codebuild/standard:6.0",
          "ImagePullCredentialsType": "CODEBUILD",
          "PrivilegedMode": false,
          "Type": "LINUX_CONTAINER",
        },
        "ServiceRole": {
          "Fn::GetAtt": [
            "mijngegevensdevelopmentAssetsFileRoleF2B2BAB5",
            "Arn",
          ],
        },
        "Source": {
          "BuildSpec": "{
  "version": "0.2",
  "phases": {
    "install": {
      "commands": [
        "npm install -g cdk-assets@2"
      ]
    },
    "build": {
      "commands": [
        "cdk-assets --path \\"assembly-test-mijn-gegevens-api/testmijngegevensapipersoonsgegevensapi9BDC5B79.assets.json\\" --verbose publish \\"454cf20956f1bffad5d88fd0e8e995002d3b7cfd2b8262570708aec180a0b31d:test-eu-west-1\\""
      ]
    }
  }
}",
          "Type": "CODEPIPELINE",
        },
        "Tags": [
          {
            "Key": "cdkManaged",
            "Value": "yes",
          },
          {
            "Key": "Project",
            "Value": "mijn-gegevens",
          },
        ],
      },
      "Type": "AWS::CodeBuild::Project",
    },
    "mijngegevensdevelopmentAssetsFileAsset26EFE76EE": {
      "Properties": {
        "Artifacts": {
          "Type": "CODEPIPELINE",
        },
        "Cache": {
          "Type": "NO_CACHE",
        },
        "Description": "Pipeline step test/Pipeline/Assets/FileAsset2",
        "EncryptionKey": {
          "Fn::GetAtt": [
            "mijngegevensdevelopmentPipelineArtifactsBucketEncryptionKeyB5EF8393",
            "Arn",
          ],
        },
        "Environment": {
          "ComputeType": "BUILD_GENERAL1_SMALL",
          "Image": "aws/codebuild/standard:6.0",
          "ImagePullCredentialsType": "CODEBUILD",
          "PrivilegedMode": false,
          "Type": "LINUX_CONTAINER",
        },
        "ServiceRole": {
          "Fn::GetAtt": [
            "mijngegevensdevelopmentAssetsFileRoleF2B2BAB5",
            "Arn",
          ],
        },
        "Source": {
          "BuildSpec": "{
  "version": "0.2",
  "phases": {
    "install": {
      "commands": [
        "npm install -g cdk-assets@2"
      ]
    },
    "build": {
      "commands": [
        "cdk-assets --path \\"assembly-test-mijn-gegevens-api/testmijngegevensapipersoonsgegevensapi9BDC5B79.assets.json\\" --verbose publish \\"5fa1330271b8967d9254ba2d4a07144f8acefe8b77e6d6bba38261373a50d5f8:test-eu-west-1\\""
      ]
    }
  }
}",
          "Type": "CODEPIPELINE",
        },
        "Tags": [
          {
            "Key": "cdkManaged",
            "Value": "yes",
          },
          {
            "Key": "Project",
            "Value": "mijn-gegevens",
          },
        ],
      },
      "Type": "AWS::CodeBuild::Project",
    },
    "mijngegevensdevelopmentAssetsFileRoleDefaultPolicy204AE768": {
      "Properties": {
        "PolicyDocument": {
          "Statement": [
            {
              "Action": [
                "logs:CreateLogGroup",
                "logs:CreateLogStream",
                "logs:PutLogEvents",
              ],
              "Effect": "Allow",
              "Resource": {
                "Fn::Join": [
                  "",
                  [
                    "arn:",
                    {
                      "Ref": "AWS::Partition",
                    },
                    ":logs:eu-west-1:test:log-group:/aws/codebuild/*",
                  ],
                ],
              },
            },
            {
              "Action": [
                "codebuild:CreateReportGroup",
                "codebuild:CreateReport",
                "codebuild:UpdateReport",
                "codebuild:BatchPutTestCases",
                "codebuild:BatchPutCodeCoverages",
              ],
              "Effect": "Allow",
              "Resource": {
                "Fn::Join": [
                  "",
                  [
                    "arn:",
                    {
                      "Ref": "AWS::Partition",
                    },
                    ":codebuild:eu-west-1:test:report-group/*",
                  ],
                ],
              },
            },
            {
              "Action": [
                "codebuild:BatchGetBuilds",
                "codebuild:StartBuild",
                "codebuild:StopBuild",
              ],
              "Effect": "Allow",
              "Resource": "*",
            },
            {
              "Action": "sts:AssumeRole",
              "Effect": "Allow",
              "Resource": {
                "Fn::Sub": "arn:\${AWS::Partition}:iam::test:role/cdk-hnb659fds-file-publishing-role-test-eu-west-1",
              },
            },
            {
              "Action": [
                "s3:GetObject*",
                "s3:GetBucket*",
                "s3:List*",
              ],
              "Effect": "Allow",
              "Resource": [
                {
                  "Fn::GetAtt": [
                    "mijngegevensdevelopmentPipelineArtifactsBucketE3E16285",
                    "Arn",
                  ],
                },
                {
                  "Fn::Join": [
                    "",
                    [
                      {
                        "Fn::GetAtt": [
                          "mijngegevensdevelopmentPipelineArtifactsBucketE3E16285",
                          "Arn",
                        ],
                      },
                      "/*",
                    ],
                  ],
                },
              ],
            },
            {
              "Action": [
                "kms:Decrypt",
                "kms:DescribeKey",
              ],
              "Effect": "Allow",
              "Resource": {
                "Fn::GetAtt": [
                  "mijngegevensdevelopmentPipelineArtifactsBucketEncryptionKeyB5EF8393",
                  "Arn",
                ],
              },
            },
          ],
          "Version": "2012-10-17",
        },
        "PolicyName": "mijngegevensdevelopmentAssetsFileRoleDefaultPolicy204AE768",
        "Roles": [
          {
            "Ref": "mijngegevensdevelopmentAssetsFileRoleF2B2BAB5",
          },
        ],
      },
      "Type": "AWS::IAM::Policy",
    },
    "mijngegevensdevelopmentAssetsFileRoleF2B2BAB5": {
      "Properties": {
        "AssumeRolePolicyDocument": {
          "Statement": [
            {
              "Action": "sts:AssumeRole",
              "Effect": "Allow",
              "Principal": {
                "Service": "codebuild.amazonaws.com",
              },
            },
            {
              "Action": "sts:AssumeRole",
              "Effect": "Allow",
              "Principal": {
                "AWS": {
                  "Fn::Join": [
                    "",
                    [
                      "arn:",
                      {
                        "Ref": "AWS::Partition",
                      },
                      ":iam::test:root",
                    ],
                  ],
                },
              },
            },
          ],
          "Version": "2012-10-17",
        },
        "Tags": [
          {
            "Key": "cdkManaged",
            "Value": "yes",
          },
          {
            "Key": "Project",
            "Value": "mijn-gegevens",
          },
        ],
      },
      "Type": "AWS::IAM::Role",
    },
    "mijngegevensdevelopmentCodeBuildActionRoleDefaultPolicyFE216A74": {
      "Properties": {
        "PolicyDocument": {
          "Statement": [
            {
              "Action": [
                "codebuild:BatchGetBuilds",
                "codebuild:StartBuild",
                "codebuild:StopBuild",
              ],
              "Effect": "Allow",
              "Resource": {
                "Fn::GetAtt": [
                  "mijngegevensdevelopmentPipelineBuildSynthCdkBuildProjectB9B618E0",
                  "Arn",
                ],
              },
            },
            {
              "Action": [
                "codebuild:BatchGetBuilds",
                "codebuild:StartBuild",
                "codebuild:StopBuild",
              ],
              "Effect": "Allow",
              "Resource": {
                "Fn::GetAtt": [
                  "mijngegevensdevelopmentUpdatePipelineSelfMutation4B4A5B8B",
                  "Arn",
                ],
              },
            },
            {
              "Action": [
                "codebuild:BatchGetBuilds",
                "codebuild:StartBuild",
                "codebuild:StopBuild",
              ],
              "Effect": "Allow",
              "Resource": {
                "Fn::GetAtt": [
                  "mijngegevensdevelopmentAssetsFileAsset110399CBF",
                  "Arn",
                ],
              },
            },
            {
              "Action": [
                "codebuild:BatchGetBuilds",
                "codebuild:StartBuild",
                "codebuild:StopBuild",
              ],
              "Effect": "Allow",
              "Resource": {
                "Fn::GetAtt": [
                  "mijngegevensdevelopmentAssetsFileAsset26EFE76EE",
                  "Arn",
                ],
              },
            },
          ],
          "Version": "2012-10-17",
        },
        "PolicyName": "mijngegevensdevelopmentCodeBuildActionRoleDefaultPolicyFE216A74",
        "Roles": [
          {
            "Ref": "mijngegevensdevelopmentCodeBuildActionRoleE2A058AD",
          },
        ],
      },
      "Type": "AWS::IAM::Policy",
    },
    "mijngegevensdevelopmentCodeBuildActionRoleE2A058AD": {
      "Properties": {
        "AssumeRolePolicyDocument": {
          "Statement": [
            {
              "Action": "sts:AssumeRole",
              "Effect": "Allow",
              "Principal": {
                "AWS": {
                  "Fn::GetAtt": [
                    "mijngegevensdevelopmentPipelineRole52822A5B",
                    "Arn",
                  ],
                },
              },
            },
          ],
          "Version": "2012-10-17",
        },
        "Tags": [
          {
            "Key": "cdkManaged",
            "Value": "yes",
          },
          {
            "Key": "Project",
            "Value": "mijn-gegevens",
          },
        ],
      },
      "Type": "AWS::IAM::Role",
    },
    "mijngegevensdevelopmentPipelineArtifactsBucketE3E16285": {
      "DeletionPolicy": "Retain",
      "Properties": {
        "BucketEncryption": {
          "ServerSideEncryptionConfiguration": [
            {
              "ServerSideEncryptionByDefault": {
                "KMSMasterKeyID": {
                  "Fn::GetAtt": [
                    "mijngegevensdevelopmentPipelineArtifactsBucketEncryptionKeyB5EF8393",
                    "Arn",
                  ],
                },
                "SSEAlgorithm": "aws:kms",
              },
            },
          ],
        },
        "PublicAccessBlockConfiguration": {
          "BlockPublicAcls": true,
          "BlockPublicPolicy": true,
          "IgnorePublicAcls": true,
          "RestrictPublicBuckets": true,
        },
        "Tags": [
          {
            "Key": "cdkManaged",
            "Value": "yes",
          },
          {
            "Key": "Project",
            "Value": "mijn-gegevens",
          },
        ],
      },
      "Type": "AWS::S3::Bucket",
      "UpdateReplacePolicy": "Retain",
    },
    "mijngegevensdevelopmentPipelineArtifactsBucketEncryptionKeyAliasD4051EEA": {
      "DeletionPolicy": "Delete",
      "Properties": {
        "AliasName": "alias/codepipeline-testmijngegevensdevelopmentpipeline5a1886ca",
        "TargetKeyId": {
          "Fn::GetAtt": [
            "mijngegevensdevelopmentPipelineArtifactsBucketEncryptionKeyB5EF8393",
            "Arn",
          ],
        },
      },
      "Type": "AWS::KMS::Alias",
      "UpdateReplacePolicy": "Delete",
    },
    "mijngegevensdevelopmentPipelineArtifactsBucketEncryptionKeyB5EF8393": {
      "DeletionPolicy": "Delete",
      "Properties": {
        "KeyPolicy": {
          "Statement": [
            {
              "Action": "kms:*",
              "Effect": "Allow",
              "Principal": {
                "AWS": {
                  "Fn::Join": [
                    "",
                    [
                      "arn:",
                      {
                        "Ref": "AWS::Partition",
                      },
                      ":iam::test:root",
                    ],
                  ],
                },
              },
              "Resource": "*",
            },
            {
              "Action": [
                "kms:Decrypt",
                "kms:DescribeKey",
              ],
              "Effect": "Allow",
              "Principal": {
                "AWS": {
                  "Fn::Join": [
                    "",
                    [
                      "arn:",
                      {
                        "Ref": "AWS::Partition",
                      },
                      ":iam::test:role/cdk-hnb659fds-deploy-role-test-eu-west-1",
                    ],
                  ],
                },
              },
              "Resource": "*",
            },
          ],
          "Version": "2012-10-17",
        },
        "Tags": [
          {
            "Key": "cdkManaged",
            "Value": "yes",
          },
          {
            "Key": "Project",
            "Value": "mijn-gegevens",
          },
        ],
      },
      "Type": "AWS::KMS::Key",
      "UpdateReplacePolicy": "Delete",
    },
    "mijngegevensdevelopmentPipelineArtifactsBucketPolicyFD0255E6": {
      "Properties": {
        "Bucket": {
          "Ref": "mijngegevensdevelopmentPipelineArtifactsBucketE3E16285",
        },
        "PolicyDocument": {
          "Statement": [
            {
              "Action": "s3:*",
              "Condition": {
                "Bool": {
                  "aws:SecureTransport": "false",
                },
              },
              "Effect": "Deny",
              "Principal": {
                "AWS": "*",
              },
              "Resource": [
                {
                  "Fn::GetAtt": [
                    "mijngegevensdevelopmentPipelineArtifactsBucketE3E16285",
                    "Arn",
                  ],
                },
                {
                  "Fn::Join": [
                    "",
                    [
                      {
                        "Fn::GetAtt": [
                          "mijngegevensdevelopmentPipelineArtifactsBucketE3E16285",
                          "Arn",
                        ],
                      },
                      "/*",
                    ],
                  ],
                },
              ],
            },
            {
              "Action": [
                "s3:GetObject*",
                "s3:GetBucket*",
                "s3:List*",
              ],
              "Effect": "Allow",
              "Principal": {
                "AWS": {
                  "Fn::Join": [
                    "",
                    [
                      "arn:",
                      {
                        "Ref": "AWS::Partition",
                      },
                      ":iam::test:role/cdk-hnb659fds-deploy-role-test-eu-west-1",
                    ],
                  ],
                },
              },
              "Resource": [
                {
                  "Fn::GetAtt": [
                    "mijngegevensdevelopmentPipelineArtifactsBucketE3E16285",
                    "Arn",
                  ],
                },
                {
                  "Fn::Join": [
                    "",
                    [
                      {
                        "Fn::GetAtt": [
                          "mijngegevensdevelopmentPipelineArtifactsBucketE3E16285",
                          "Arn",
                        ],
                      },
                      "/*",
                    ],
                  ],
                },
              ],
            },
          ],
          "Version": "2012-10-17",
        },
      },
      "Type": "AWS::S3::BucketPolicy",
    },
    "mijngegevensdevelopmentPipelineBuildSynthCdkBuildProjectB9B618E0": {
      "Properties": {
        "Artifacts": {
          "Type": "CODEPIPELINE",
        },
        "Cache": {
          "Type": "NO_CACHE",
        },
        "Description": "Pipeline step test/Pipeline/Build/Synth",
        "EncryptionKey": {
          "Fn::GetAtt": [
            "mijngegevensdevelopmentPipelineArtifactsBucketEncryptionKeyB5EF8393",
            "Arn",
          ],
        },
        "Environment": {
          "ComputeType": "BUILD_GENERAL1_SMALL",
          "EnvironmentVariables": [
            {
              "Name": "BRANCH_NAME",
              "Type": "PLAINTEXT",
              "Value": "development",
            },
          ],
          "Image": "aws/codebuild/standard:6.0",
          "ImagePullCredentialsType": "CODEBUILD",
          "PrivilegedMode": true,
          "Type": "LINUX_CONTAINER",
        },
        "ServiceRole": {
          "Fn::GetAtt": [
            "mijngegevensdevelopmentPipelineBuildSynthCdkBuildProjectRole23DB7082",
            "Arn",
          ],
        },
        "Source": {
          "BuildSpec": "{
  "version": "0.2",
  "phases": {
    "build": {
      "commands": [
        "yarn install --frozen-lockfile",
        "npx projen build",
        "npx projen synth"
      ]
    }
  },
  "artifacts": {
    "base-directory": "cdk.out",
    "files": "**/*"
  }
}",
          "Type": "CODEPIPELINE",
        },
        "Tags": [
          {
            "Key": "cdkManaged",
            "Value": "yes",
          },
          {
            "Key": "Project",
            "Value": "mijn-gegevens",
          },
        ],
      },
      "Type": "AWS::CodeBuild::Project",
    },
    "mijngegevensdevelopmentPipelineBuildSynthCdkBuildProjectRole23DB7082": {
      "Properties": {
        "AssumeRolePolicyDocument": {
          "Statement": [
            {
              "Action": "sts:AssumeRole",
              "Effect": "Allow",
              "Principal": {
                "Service": "codebuild.amazonaws.com",
              },
            },
          ],
          "Version": "2012-10-17",
        },
        "Tags": [
          {
            "Key": "cdkManaged",
            "Value": "yes",
          },
          {
            "Key": "Project",
            "Value": "mijn-gegevens",
          },
        ],
      },
      "Type": "AWS::IAM::Role",
    },
    "mijngegevensdevelopmentPipelineBuildSynthCdkBuildProjectRoleDefaultPolicyB4066F05": {
      "Properties": {
        "PolicyDocument": {
          "Statement": [
            {
              "Action": [
                "logs:CreateLogGroup",
                "logs:CreateLogStream",
                "logs:PutLogEvents",
              ],
              "Effect": "Allow",
              "Resource": [
                {
                  "Fn::Join": [
                    "",
                    [
                      "arn:",
                      {
                        "Ref": "AWS::Partition",
                      },
                      ":logs:eu-west-1:test:log-group:/aws/codebuild/",
                      {
                        "Ref": "mijngegevensdevelopmentPipelineBuildSynthCdkBuildProjectB9B618E0",
                      },
                    ],
                  ],
                },
                {
                  "Fn::Join": [
                    "",
                    [
                      "arn:",
                      {
                        "Ref": "AWS::Partition",
                      },
                      ":logs:eu-west-1:test:log-group:/aws/codebuild/",
                      {
                        "Ref": "mijngegevensdevelopmentPipelineBuildSynthCdkBuildProjectB9B618E0",
                      },
                      ":*",
                    ],
                  ],
                },
              ],
            },
            {
              "Action": [
                "codebuild:CreateReportGroup",
                "codebuild:CreateReport",
                "codebuild:UpdateReport",
                "codebuild:BatchPutTestCases",
                "codebuild:BatchPutCodeCoverages",
              ],
              "Effect": "Allow",
              "Resource": {
                "Fn::Join": [
                  "",
                  [
                    "arn:",
                    {
                      "Ref": "AWS::Partition",
                    },
                    ":codebuild:eu-west-1:test:report-group/",
                    {
                      "Ref": "mijngegevensdevelopmentPipelineBuildSynthCdkBuildProjectB9B618E0",
                    },
                    "-*",
                  ],
                ],
              },
            },
            {
              "Action": [
                "s3:GetObject*",
                "s3:GetBucket*",
                "s3:List*",
                "s3:DeleteObject*",
                "s3:PutObject",
                "s3:PutObjectLegalHold",
                "s3:PutObjectRetention",
                "s3:PutObjectTagging",
                "s3:PutObjectVersionTagging",
                "s3:Abort*",
              ],
              "Effect": "Allow",
              "Resource": [
                {
                  "Fn::GetAtt": [
                    "mijngegevensdevelopmentPipelineArtifactsBucketE3E16285",
                    "Arn",
                  ],
                },
                {
                  "Fn::Join": [
                    "",
                    [
                      {
                        "Fn::GetAtt": [
                          "mijngegevensdevelopmentPipelineArtifactsBucketE3E16285",
                          "Arn",
                        ],
                      },
                      "/*",
                    ],
                  ],
                },
              ],
            },
            {
              "Action": [
                "kms:Decrypt",
                "kms:DescribeKey",
                "kms:Encrypt",
                "kms:ReEncrypt*",
                "kms:GenerateDataKey*",
              ],
              "Effect": "Allow",
              "Resource": {
                "Fn::GetAtt": [
                  "mijngegevensdevelopmentPipelineArtifactsBucketEncryptionKeyB5EF8393",
                  "Arn",
                ],
              },
            },
            {
              "Action": [
                "kms:Decrypt",
                "kms:Encrypt",
                "kms:ReEncrypt*",
                "kms:GenerateDataKey*",
              ],
              "Effect": "Allow",
              "Resource": {
                "Fn::GetAtt": [
                  "mijngegevensdevelopmentPipelineArtifactsBucketEncryptionKeyB5EF8393",
                  "Arn",
                ],
              },
            },
          ],
          "Version": "2012-10-17",
        },
        "PolicyName": "mijngegevensdevelopmentPipelineBuildSynthCdkBuildProjectRoleDefaultPolicyB4066F05",
        "Roles": [
          {
            "Ref": "mijngegevensdevelopmentPipelineBuildSynthCdkBuildProjectRole23DB7082",
          },
        ],
      },
      "Type": "AWS::IAM::Policy",
    },
    "mijngegevensdevelopmentPipelineF69DB8F0": {
      "DependsOn": [
        "mijngegevensdevelopmentPipelineRoleDefaultPolicy1ED3B604",
        "mijngegevensdevelopmentPipelineRole52822A5B",
      ],
      "Properties": {
        "ArtifactStore": {
          "EncryptionKey": {
            "Id": {
              "Fn::GetAtt": [
                "mijngegevensdevelopmentPipelineArtifactsBucketEncryptionKeyB5EF8393",
                "Arn",
              ],
            },
            "Type": "KMS",
          },
          "Location": {
            "Ref": "mijngegevensdevelopmentPipelineArtifactsBucketE3E16285",
          },
          "Type": "S3",
        },
        "Name": "mijngegevens-development",
        "RestartExecutionOnUpdate": true,
        "RoleArn": {
          "Fn::GetAtt": [
            "mijngegevensdevelopmentPipelineRole52822A5B",
            "Arn",
          ],
        },
        "Stages": [
          {
            "Actions": [
              {
                "ActionTypeId": {
                  "Category": "Source",
                  "Owner": "AWS",
                  "Provider": "CodeStarSourceConnection",
                  "Version": "1",
                },
                "Configuration": {
                  "BranchName": "development",
                  "ConnectionArn": {
                    "Ref": "connectionArn",
                  },
                  "FullRepositoryId": "GemeenteNijmegen/mijn-gegevens",
                },
                "Name": "GemeenteNijmegen_mijn-gegevens",
                "OutputArtifacts": [
                  {
                    "Name": "GemeenteNijmegen_mijn_gegevens_Source",
                  },
                ],
                "RoleArn": {
                  "Fn::GetAtt": [
                    "mijngegevensdevelopmentPipelineSourceGemeenteNijmegenmijngegevensCodePipelineActionRole8FCFD73F",
                    "Arn",
                  ],
                },
                "RunOrder": 1,
              },
            ],
            "Name": "Source",
          },
          {
            "Actions": [
              {
                "ActionTypeId": {
                  "Category": "Build",
                  "Owner": "AWS",
                  "Provider": "CodeBuild",
                  "Version": "1",
                },
                "Configuration": {
                  "EnvironmentVariables": "[{"name":"_PROJECT_CONFIG_HASH","type":"PLAINTEXT","value":"e442fcab9e84117604c2162afeb4b582141cdd2849bcab542258ee2cca076bbd"}]",
                  "ProjectName": {
                    "Ref": "mijngegevensdevelopmentPipelineBuildSynthCdkBuildProjectB9B618E0",
                  },
                },
                "InputArtifacts": [
                  {
                    "Name": "GemeenteNijmegen_mijn_gegevens_Source",
                  },
                ],
                "Name": "Synth",
                "OutputArtifacts": [
                  {
                    "Name": "Synth_Output",
                  },
                ],
                "RoleArn": {
                  "Fn::GetAtt": [
                    "mijngegevensdevelopmentCodeBuildActionRoleE2A058AD",
                    "Arn",
                  ],
                },
                "RunOrder": 1,
              },
            ],
            "Name": "Build",
          },
          {
            "Actions": [
              {
                "ActionTypeId": {
                  "Category": "Build",
                  "Owner": "AWS",
                  "Provider": "CodeBuild",
                  "Version": "1",
                },
                "Configuration": {
                  "EnvironmentVariables": "[{"name":"_PROJECT_CONFIG_HASH","type":"PLAINTEXT","value":"dc4c1bb479e53feb497ad01e46400d237abc6255c8789a774e5ff77e7b67a65e"}]",
                  "ProjectName": {
                    "Ref": "mijngegevensdevelopmentUpdatePipelineSelfMutation4B4A5B8B",
                  },
                },
                "InputArtifacts": [
                  {
                    "Name": "Synth_Output",
                  },
                ],
                "Name": "SelfMutate",
                "RoleArn": {
                  "Fn::GetAtt": [
                    "mijngegevensdevelopmentCodeBuildActionRoleE2A058AD",
                    "Arn",
                  ],
                },
                "RunOrder": 1,
              },
            ],
            "Name": "UpdatePipeline",
          },
          {
            "Actions": [
              {
                "ActionTypeId": {
                  "Category": "Build",
                  "Owner": "AWS",
                  "Provider": "CodeBuild",
                  "Version": "1",
                },
                "Configuration": {
                  "ProjectName": {
                    "Ref": "mijngegevensdevelopmentAssetsFileAsset110399CBF",
                  },
                },
                "InputArtifacts": [
                  {
                    "Name": "Synth_Output",
                  },
                ],
                "Name": "FileAsset1",
                "RoleArn": {
                  "Fn::GetAtt": [
                    "mijngegevensdevelopmentCodeBuildActionRoleE2A058AD",
                    "Arn",
                  ],
                },
                "RunOrder": 1,
              },
              {
                "ActionTypeId": {
                  "Category": "Build",
                  "Owner": "AWS",
                  "Provider": "CodeBuild",
                  "Version": "1",
                },
                "Configuration": {
                  "ProjectName": {
                    "Ref": "mijngegevensdevelopmentAssetsFileAsset26EFE76EE",
                  },
                },
                "InputArtifacts": [
                  {
                    "Name": "Synth_Output",
                  },
                ],
                "Name": "FileAsset2",
                "RoleArn": {
                  "Fn::GetAtt": [
                    "mijngegevensdevelopmentCodeBuildActionRoleE2A058AD",
                    "Arn",
                  ],
                },
                "RunOrder": 1,
              },
            ],
            "Name": "Assets",
          },
          {
            "Actions": [
              {
                "ActionTypeId": {
                  "Category": "Deploy",
                  "Owner": "AWS",
                  "Provider": "CloudFormation",
                  "Version": "1",
                },
                "Configuration": {
                  "ActionMode": "CHANGE_SET_REPLACE",
                  "Capabilities": "CAPABILITY_NAMED_IAM,CAPABILITY_AUTO_EXPAND",
                  "ChangeSetName": "PipelineChange",
                  "RoleArn": {
                    "Fn::Join": [
                      "",
                      [
                        "arn:",
                        {
                          "Ref": "AWS::Partition",
                        },
                        ":iam::test:role/cdk-hnb659fds-cfn-exec-role-test-eu-west-1",
                      ],
                    ],
                  },
                  "StackName": "mijn-gegevens-parameters-params",
                  "TemplateConfiguration": "Synth_Output::assembly-test-mijn-gegevens-parameters/testmijngegevensparametersparams50638DF8.template.json.config.json",
                  "TemplatePath": "Synth_Output::assembly-test-mijn-gegevens-parameters/testmijngegevensparametersparams50638DF8.template.json",
                },
                "InputArtifacts": [
                  {
                    "Name": "Synth_Output",
                  },
                ],
                "Name": "Prepare",
                "RoleArn": {
                  "Fn::Join": [
                    "",
                    [
                      "arn:",
                      {
                        "Ref": "AWS::Partition",
                      },
                      ":iam::test:role/cdk-hnb659fds-deploy-role-test-eu-west-1",
                    ],
                  ],
                },
                "RunOrder": 1,
              },
              {
                "ActionTypeId": {
                  "Category": "Deploy",
                  "Owner": "AWS",
                  "Provider": "CloudFormation",
                  "Version": "1",
                },
                "Configuration": {
                  "ActionMode": "CHANGE_SET_EXECUTE",
                  "ChangeSetName": "PipelineChange",
                  "StackName": "mijn-gegevens-parameters-params",
                },
                "Name": "Deploy",
                "RoleArn": {
                  "Fn::Join": [
                    "",
                    [
                      "arn:",
                      {
                        "Ref": "AWS::Partition",
                      },
                      ":iam::test:role/cdk-hnb659fds-deploy-role-test-eu-west-1",
                    ],
                  ],
                },
                "RunOrder": 2,
              },
            ],
            "Name": "mijn-gegevens-parameters",
          },
          {
            "Actions": [
              {
                "ActionTypeId": {
                  "Category": "Deploy",
                  "Owner": "AWS",
                  "Provider": "CloudFormation",
                  "Version": "1",
                },
                "Configuration": {
                  "ActionMode": "CHANGE_SET_REPLACE",
                  "Capabilities": "CAPABILITY_NAMED_IAM,CAPABILITY_AUTO_EXPAND",
                  "ChangeSetName": "PipelineChange",
                  "RoleArn": {
                    "Fn::Join": [
                      "",
                      [
                        "arn:",
                        {
                          "Ref": "AWS::Partition",
                        },
                        ":iam::test:role/cdk-hnb659fds-cfn-exec-role-test-eu-west-1",
                      ],
                    ],
                  },
                  "StackName": "mijn-gegevens-api-persoonsgegevens-api",
                  "TemplatePath": "Synth_Output::assembly-test-mijn-gegevens-api/testmijngegevensapipersoonsgegevensapi9BDC5B79.template.json",
                },
                "InputArtifacts": [
                  {
                    "Name": "Synth_Output",
                  },
                ],
                "Name": "Prepare",
                "RoleArn": {
                  "Fn::Join": [
                    "",
                    [
                      "arn:",
                      {
                        "Ref": "AWS::Partition",
                      },
                      ":iam::test:role/cdk-hnb659fds-deploy-role-test-eu-west-1",
                    ],
                  ],
                },
                "RunOrder": 1,
              },
              {
                "ActionTypeId": {
                  "Category": "Deploy",
                  "Owner": "AWS",
                  "Provider": "CloudFormation",
                  "Version": "1",
                },
                "Configuration": {
                  "ActionMode": "CHANGE_SET_EXECUTE",
                  "ChangeSetName": "PipelineChange",
                  "StackName": "mijn-gegevens-api-persoonsgegevens-api",
                },
                "Name": "Deploy",
                "RoleArn": {
                  "Fn::Join": [
                    "",
                    [
                      "arn:",
                      {
                        "Ref": "AWS::Partition",
                      },
                      ":iam::test:role/cdk-hnb659fds-deploy-role-test-eu-west-1",
                    ],
                  ],
                },
                "RunOrder": 2,
              },
            ],
            "Name": "mijn-gegevens-api",
          },
        ],
        "Tags": [
          {
            "Key": "cdkManaged",
            "Value": "yes",
          },
          {
            "Key": "Project",
            "Value": "mijn-gegevens",
          },
        ],
      },
      "Type": "AWS::CodePipeline::Pipeline",
    },
    "mijngegevensdevelopmentPipelineRole52822A5B": {
      "Properties": {
        "AssumeRolePolicyDocument": {
          "Statement": [
            {
              "Action": "sts:AssumeRole",
              "Effect": "Allow",
              "Principal": {
                "Service": "codepipeline.amazonaws.com",
              },
            },
          ],
          "Version": "2012-10-17",
        },
        "Tags": [
          {
            "Key": "cdkManaged",
            "Value": "yes",
          },
          {
            "Key": "Project",
            "Value": "mijn-gegevens",
          },
        ],
      },
      "Type": "AWS::IAM::Role",
    },
    "mijngegevensdevelopmentPipelineRoleDefaultPolicy1ED3B604": {
      "Properties": {
        "PolicyDocument": {
          "Statement": [
            {
              "Action": [
                "s3:GetObject*",
                "s3:GetBucket*",
                "s3:List*",
                "s3:DeleteObject*",
                "s3:PutObject",
                "s3:PutObjectLegalHold",
                "s3:PutObjectRetention",
                "s3:PutObjectTagging",
                "s3:PutObjectVersionTagging",
                "s3:Abort*",
              ],
              "Effect": "Allow",
              "Resource": [
                {
                  "Fn::GetAtt": [
                    "mijngegevensdevelopmentPipelineArtifactsBucketE3E16285",
                    "Arn",
                  ],
                },
                {
                  "Fn::Join": [
                    "",
                    [
                      {
                        "Fn::GetAtt": [
                          "mijngegevensdevelopmentPipelineArtifactsBucketE3E16285",
                          "Arn",
                        ],
                      },
                      "/*",
                    ],
                  ],
                },
              ],
            },
            {
              "Action": [
                "kms:Decrypt",
                "kms:DescribeKey",
                "kms:Encrypt",
                "kms:ReEncrypt*",
                "kms:GenerateDataKey*",
              ],
              "Effect": "Allow",
              "Resource": {
                "Fn::GetAtt": [
                  "mijngegevensdevelopmentPipelineArtifactsBucketEncryptionKeyB5EF8393",
                  "Arn",
                ],
              },
            },
            {
              "Action": "sts:AssumeRole",
              "Effect": "Allow",
              "Resource": {
                "Fn::GetAtt": [
                  "mijngegevensdevelopmentPipelineSourceGemeenteNijmegenmijngegevensCodePipelineActionRole8FCFD73F",
                  "Arn",
                ],
              },
            },
            {
              "Action": "sts:AssumeRole",
              "Effect": "Allow",
              "Resource": {
                "Fn::GetAtt": [
                  "mijngegevensdevelopmentCodeBuildActionRoleE2A058AD",
                  "Arn",
                ],
              },
            },
            {
              "Action": "sts:AssumeRole",
              "Effect": "Allow",
              "Resource": {
                "Fn::Join": [
                  "",
                  [
                    "arn:",
                    {
                      "Ref": "AWS::Partition",
                    },
                    ":iam::test:role/cdk-hnb659fds-deploy-role-test-eu-west-1",
                  ],
                ],
              },
            },
          ],
          "Version": "2012-10-17",
        },
        "PolicyName": "mijngegevensdevelopmentPipelineRoleDefaultPolicy1ED3B604",
        "Roles": [
          {
            "Ref": "mijngegevensdevelopmentPipelineRole52822A5B",
          },
        ],
      },
      "Type": "AWS::IAM::Policy",
    },
    "mijngegevensdevelopmentPipelineSourceGemeenteNijmegenmijngegevensCodePipelineActionRole8FCFD73F": {
      "Properties": {
        "AssumeRolePolicyDocument": {
          "Statement": [
            {
              "Action": "sts:AssumeRole",
              "Effect": "Allow",
              "Principal": {
                "AWS": {
                  "Fn::Join": [
                    "",
                    [
                      "arn:",
                      {
                        "Ref": "AWS::Partition",
                      },
                      ":iam::test:root",
                    ],
                  ],
                },
              },
            },
          ],
          "Version": "2012-10-17",
        },
        "Tags": [
          {
            "Key": "cdkManaged",
            "Value": "yes",
          },
          {
            "Key": "Project",
            "Value": "mijn-gegevens",
          },
        ],
      },
      "Type": "AWS::IAM::Role",
    },
    "mijngegevensdevelopmentPipelineSourceGemeenteNijmegenmijngegevensCodePipelineActionRoleDefaultPolicy23D4F6D4": {
      "Properties": {
        "PolicyDocument": {
          "Statement": [
            {
              "Action": "codestar-connections:UseConnection",
              "Effect": "Allow",
              "Resource": {
                "Ref": "connectionArn",
              },
            },
            {
              "Action": [
                "s3:GetObject*",
                "s3:GetBucket*",
                "s3:List*",
                "s3:DeleteObject*",
                "s3:PutObject",
                "s3:PutObjectLegalHold",
                "s3:PutObjectRetention",
                "s3:PutObjectTagging",
                "s3:PutObjectVersionTagging",
                "s3:Abort*",
              ],
              "Effect": "Allow",
              "Resource": [
                {
                  "Fn::GetAtt": [
                    "mijngegevensdevelopmentPipelineArtifactsBucketE3E16285",
                    "Arn",
                  ],
                },
                {
                  "Fn::Join": [
                    "",
                    [
                      {
                        "Fn::GetAtt": [
                          "mijngegevensdevelopmentPipelineArtifactsBucketE3E16285",
                          "Arn",
                        ],
                      },
                      "/*",
                    ],
                  ],
                },
              ],
            },
            {
              "Action": [
                "kms:Decrypt",
                "kms:DescribeKey",
                "kms:Encrypt",
                "kms:ReEncrypt*",
                "kms:GenerateDataKey*",
              ],
              "Effect": "Allow",
              "Resource": {
                "Fn::GetAtt": [
                  "mijngegevensdevelopmentPipelineArtifactsBucketEncryptionKeyB5EF8393",
                  "Arn",
                ],
              },
            },
            {
              "Action": [
                "s3:PutObjectAcl",
                "s3:PutObjectVersionAcl",
              ],
              "Effect": "Allow",
              "Resource": {
                "Fn::Join": [
                  "",
                  [
                    {
                      "Fn::GetAtt": [
                        "mijngegevensdevelopmentPipelineArtifactsBucketE3E16285",
                        "Arn",
                      ],
                    },
                    "/*",
                  ],
                ],
              },
            },
          ],
          "Version": "2012-10-17",
        },
        "PolicyName": "mijngegevensdevelopmentPipelineSourceGemeenteNijmegenmijngegevensCodePipelineActionRoleDefaultPolicy23D4F6D4",
        "Roles": [
          {
            "Ref": "mijngegevensdevelopmentPipelineSourceGemeenteNijmegenmijngegevensCodePipelineActionRole8FCFD73F",
          },
        ],
      },
      "Type": "AWS::IAM::Policy",
    },
    "mijngegevensdevelopmentUpdatePipelineSelfMutation4B4A5B8B": {
      "Properties": {
        "Artifacts": {
          "Type": "CODEPIPELINE",
        },
        "Cache": {
          "Type": "NO_CACHE",
        },
        "Description": "Pipeline step test/Pipeline/UpdatePipeline/SelfMutate",
        "EncryptionKey": {
          "Fn::GetAtt": [
            "mijngegevensdevelopmentPipelineArtifactsBucketEncryptionKeyB5EF8393",
            "Arn",
          ],
        },
        "Environment": {
          "ComputeType": "BUILD_GENERAL1_SMALL",
          "Image": "aws/codebuild/standard:6.0",
          "ImagePullCredentialsType": "CODEBUILD",
          "PrivilegedMode": true,
          "Type": "LINUX_CONTAINER",
        },
        "Name": "mijngegevens-development-selfupdate",
        "ServiceRole": {
          "Fn::GetAtt": [
            "mijngegevensdevelopmentUpdatePipelineSelfMutationRoleB4FF3056",
            "Arn",
          ],
        },
        "Source": {
          "BuildSpec": "{
  "version": "0.2",
  "phases": {
    "install": {
      "commands": [
        "npm install -g aws-cdk@2"
      ]
    },
    "build": {
      "commands": [
        "cdk -a . deploy test --require-approval=never --verbose"
      ]
    }
  }
}",
          "Type": "CODEPIPELINE",
        },
        "Tags": [
          {
            "Key": "cdkManaged",
            "Value": "yes",
          },
          {
            "Key": "Project",
            "Value": "mijn-gegevens",
          },
        ],
      },
      "Type": "AWS::CodeBuild::Project",
    },
    "mijngegevensdevelopmentUpdatePipelineSelfMutationRoleB4FF3056": {
      "Properties": {
        "AssumeRolePolicyDocument": {
          "Statement": [
            {
              "Action": "sts:AssumeRole",
              "Effect": "Allow",
              "Principal": {
                "Service": "codebuild.amazonaws.com",
              },
            },
          ],
          "Version": "2012-10-17",
        },
        "Tags": [
          {
            "Key": "cdkManaged",
            "Value": "yes",
          },
          {
            "Key": "Project",
            "Value": "mijn-gegevens",
          },
        ],
      },
      "Type": "AWS::IAM::Role",
    },
    "mijngegevensdevelopmentUpdatePipelineSelfMutationRoleDefaultPolicy663C87BD": {
      "Properties": {
        "PolicyDocument": {
          "Statement": [
            {
              "Action": [
                "logs:CreateLogGroup",
                "logs:CreateLogStream",
                "logs:PutLogEvents",
              ],
              "Effect": "Allow",
              "Resource": [
                {
                  "Fn::Join": [
                    "",
                    [
                      "arn:",
                      {
                        "Ref": "AWS::Partition",
                      },
                      ":logs:eu-west-1:test:log-group:/aws/codebuild/",
                      {
                        "Ref": "mijngegevensdevelopmentUpdatePipelineSelfMutation4B4A5B8B",
                      },
                    ],
                  ],
                },
                {
                  "Fn::Join": [
                    "",
                    [
                      "arn:",
                      {
                        "Ref": "AWS::Partition",
                      },
                      ":logs:eu-west-1:test:log-group:/aws/codebuild/",
                      {
                        "Ref": "mijngegevensdevelopmentUpdatePipelineSelfMutation4B4A5B8B",
                      },
                      ":*",
                    ],
                  ],
                },
              ],
            },
            {
              "Action": [
                "codebuild:CreateReportGroup",
                "codebuild:CreateReport",
                "codebuild:UpdateReport",
                "codebuild:BatchPutTestCases",
                "codebuild:BatchPutCodeCoverages",
              ],
              "Effect": "Allow",
              "Resource": {
                "Fn::Join": [
                  "",
                  [
                    "arn:",
                    {
                      "Ref": "AWS::Partition",
                    },
                    ":codebuild:eu-west-1:test:report-group/",
                    {
                      "Ref": "mijngegevensdevelopmentUpdatePipelineSelfMutation4B4A5B8B",
                    },
                    "-*",
                  ],
                ],
              },
            },
            {
              "Action": "sts:AssumeRole",
              "Condition": {
                "ForAnyValue:StringEquals": {
                  "iam:ResourceTag/aws-cdk:bootstrap-role": [
                    "image-publishing",
                    "file-publishing",
                    "deploy",
                  ],
                },
              },
              "Effect": "Allow",
              "Resource": "arn:*:iam::test:role/*",
            },
            {
              "Action": "cloudformation:DescribeStacks",
              "Effect": "Allow",
              "Resource": "*",
            },
            {
              "Action": "s3:ListBucket",
              "Effect": "Allow",
              "Resource": "*",
            },
            {
              "Action": [
                "s3:GetObject*",
                "s3:GetBucket*",
                "s3:List*",
              ],
              "Effect": "Allow",
              "Resource": [
                {
                  "Fn::GetAtt": [
                    "mijngegevensdevelopmentPipelineArtifactsBucketE3E16285",
                    "Arn",
                  ],
                },
                {
                  "Fn::Join": [
                    "",
                    [
                      {
                        "Fn::GetAtt": [
                          "mijngegevensdevelopmentPipelineArtifactsBucketE3E16285",
                          "Arn",
                        ],
                      },
                      "/*",
                    ],
                  ],
                },
              ],
            },
            {
              "Action": [
                "kms:Decrypt",
                "kms:DescribeKey",
              ],
              "Effect": "Allow",
              "Resource": {
                "Fn::GetAtt": [
                  "mijngegevensdevelopmentPipelineArtifactsBucketEncryptionKeyB5EF8393",
                  "Arn",
                ],
              },
            },
            {
              "Action": [
                "kms:Decrypt",
                "kms:Encrypt",
                "kms:ReEncrypt*",
                "kms:GenerateDataKey*",
              ],
              "Effect": "Allow",
              "Resource": {
                "Fn::GetAtt": [
                  "mijngegevensdevelopmentPipelineArtifactsBucketEncryptionKeyB5EF8393",
                  "Arn",
                ],
              },
            },
          ],
          "Version": "2012-10-17",
        },
        "PolicyName": "mijngegevensdevelopmentUpdatePipelineSelfMutationRoleDefaultPolicy663C87BD",
        "Roles": [
          {
            "Ref": "mijngegevensdevelopmentUpdatePipelineSelfMutationRoleB4FF3056",
          },
        ],
      },
      "Type": "AWS::IAM::Policy",
    },
  },
  "Rules": {
    "CheckBootstrapVersion": {
      "Assertions": [
        {
          "Assert": {
            "Fn::Not": [
              {
                "Fn::Contains": [
                  [
                    "1",
                    "2",
                    "3",
                    "4",
                    "5",
                  ],
                  {
                    "Ref": "BootstrapVersion",
                  },
                ],
              },
            ],
          },
          "AssertDescription": "CDK bootstrap stack version 6 required. Please run 'cdk bootstrap' with a recent version of the CDK CLI.",
        },
      ],
    },
  },
}
`;
